\}ï¿½ï¿½ï¿½ï¿½ï¿½)
ets Jul 29 2019 12:21:46

rst:0x1 (POWERON_RESET),boot:0x17 (SPI_FAST_FLASH_BOOT)
configsip: 0, SPIWP:0xee
clk_drv:0x00,q_drv:0x00,d_drv:0x00,cs0_drv:0x00,hd_drv:0x00,wp_drv:0x00
mode:DIO, clock div:1
load:0x3fff0030,len:7188
load:0x40078000,len:15756
load:0x40080400,len:4
load:0x40080404,len:3860
entry 0x4008063c
[0;32mI (29) boot: ESP-IDF v5.4.1-dirty 2nd stage bootloader[0m
[0;32mI (29) boot: compile time May 25 2025 01:52:07[0m
[0;32mI (29) boot: Multicore bootloader[0m
[0;32mI (34) boot: chip revision: v3.0[0m
[0;32mI (38) boot.esp32: SPI Speed      : 80MHz[0m
[0;32mI (43) boot.esp32: SPI Mode       : DIO[0m
[0;32mI (47) boot.esp32: SPI Flash Size : 4MB[0m
[0;32mI (52) boot: Enabling RNG early entropy source...[0m
[0;32mI (57) boot: Partition Table:[0m
[0;32mI (61) boot: ## Label            Usage          Type ST Offset   Length[0m
[0;32mI (68) boot:  0 nvs              WiFi data        01 02 00009000 00006000[0m
[0;32mI (75) boot:  1 phy_init         RF data          01 01 0000f000 00001000[0m
[0;32mI (83) boot:  2 factory          factory app      00 00 00010000 00100000[0m
[0;32mI (90) boot: End of partition table[0m
[0;32mI (95) esp_image: segment 0: paddr=00010020 vaddr=3f400020 size=20a24h (133668) map[0m
[0;32mI (141) esp_image: segment 1: paddr=00030a4c vaddr=3ff80000 size=0001ch (    28) load[0m
[0;32mI (141) esp_image: segment 2: paddr=00030a70 vaddr=3ffb0000 size=03f20h ( 16160) load[0m
[0;32mI (151) esp_image: segment 3: paddr=00034998 vaddr=40080000 size=0b680h ( 46720) load[0m
[0;32mI (170) esp_image: segment 4: paddr=00040020 vaddr=400d0020 size=a9d08h (695560) map[0m
[0;32mI (367) esp_image: segment 5: paddr=000e9d30 vaddr=4008b680 size=0d14ch ( 53580) load[0m
[0;32mI (396) boot: Loaded app from partition at offset 0x10000[0m
[0;32mI (396) boot: Disabling RNG early entropy source...[0m
[0;32mI (408) cpu_start: Multicore app[0m
[0;32mI (417) cpu_start: Pro cpu start user code[0m
[0;32mI (417) cpu_start: cpu freq: 160000000 Hz[0m
[0;32mI (417) app_init: Application information:[0m
[0;32mI (417) app_init: Project name:     SmartHome[0m
[0;32mI (421) app_init: App version:      c44232e3-dirty[0m
[0;32mI (425) app_init: Compile time:     May 25 2025 03:18:29[0m
[0;32mI (430) app_init: ELF file SHA256:  105f516b5...[0m
[0;32mI (435) app_init: ESP-IDF:          v5.4.1-dirty[0m
[0;32mI (439) efuse_init: Min chip rev:     v0.0[0m
[0;32mI (443) efuse_init: Max chip rev:     v3.99 [0m
I (447) efuse_init: Chip rev:         v3.0
[0;32mI (451) heap_init: Initializing. RAM available for dynamic allocation:[0m
[0;32mI (457) heap_init: At 3FFAE6E0 len 00001920 (6 KiB): DRAM[0m
[0;32mI (462) heap_init: At 3FFB87B0 len 00027850 (158 KiB): DRAM[0m
[0;32mI (467) heap_init: At 3FFE0440 len 00003AE0 (14 KiB): D/IRAM[0m
[0;32mI (473) heap_init: At 3FFE4350 len 0001BCB0 (111 KiB): D/IRAM[0m
[0;32mI (478) heap_init: At 400987CC len 00007834 (30 KiB): IRAM[0m
[0;32mI (484) spi_flash: detected chip: generic[0m
[0;32mI (487) spi_flash: flash io: dio[0m
[0;32mI (491) main_task: Started on CPU0[0m
[0;32mI (501) main_task: Calling app_main()[0m
[0;32mI (521) gpio: GPIO[16]| InputEn: 1| OutputEn: 0| OpenDrain: 0| Pullup: 1| Pulldown: 0| Intr:0 [0m
[0;32mI (531) UART_HTTP: Press and hold button for 5 seconds to enter AP mode...[0m
[0;32mI (531) UART_HTTP: Timeout: 5 seconds remaining[0m
[0;32mI (1531) UART_HTTP: Timeout: 4 seconds remaining[0m
